{
    "HtmlFilterDoubleQuote{} interp\"olation {{xx}}": "",
    "HtmlFilterDoubleQuote{} {{var}}on same line 1/2": "",
    "HtmlFilterDoubleQuote{} on same line 2/2": "",
    "HtmlDirective 1/2 &é\"'(-è_çà)=$^ù!:;,}@^`[{#~@Ùô": "",
    "HtmlDirective 2/2": "",
    "SUB.NAMESPACE 1.0": "",
    "SUB.NAMESPACE 1.2": "",
    "HtmlDirectivePluralFirst": "{NB, plural, one{HtmlDirectivePluralFirst for one!} other{# HtmlDirectivePluralFirst for others!}",
    "HtmlDirectivePluralSecond": "{NB, plural, one{HtmlDirectivePluralSecond for one!} other{# HtmlDirectivePluralSecond for others!}",
    "HtmlNgBindHtml Key ' 1/1": "",
    "JavascriptServiceSimpleQuote 1/2 with var \"{name}\".": "",
    "JavascriptServiceDoubleQuote 2/2 with var \"{name}\".": "",
    "JavascriptFilter 1/2 with var \"{name}\"": "",
    "JavascriptFilter 2/2 without var": ""
}