{
    "My first translate": "Ma premi√®re traduction",
    "My second translate": "",
    "My third translate": "",
    "TRANSLATION_ID": "{title}!",
    "TRANSLATION_KEY": "{NB, plural, one{Text pour un} other{Text pour #}",
    "mySuffix ---": "monSuffix : "
}