{
    "Different interpolation": "",
    "TRANSLATION_KEY": "{NB, plural, one{TEXT FOR ONE} other{# TEXT FOR OTHER}",
    "mySuffix ---": ""
}