{
    "My first translate": "",
    "My second translate": "",
    "Click here": "",
    "if the download does not start automatically.": "",
    "My third translate": "",
    "TRANSLATION_ID": "",
    "TRANSLATION_KEY": "{NB, plural, one{TEXT FOR ONE} other{# TEXT FOR OTHER}",
    "mySuffix ---": ""
}