{
    "SUB": {
        "NAMESPACE": {
            "VAL 1": "My default SUB.NAMESPACE.VAL 1",
            "VAL 2": "Waouhh!"
        },
        "NS": {
            "VAL 2": "",
            "VAL 1": {
                "test1": "",
                "test 2": ""
            }
        }
    }
}