{
    "all": {
        "tato": {
            "tati": null,
            "tbti": null,
            "tdti": null,
            "tIiti": null,
            "tzti": null,
            "tZti": null
        },
        "toto": {
            "titi": null
        }
    },
    "SUB": {
        "NAMESPACE": {
            "VAL 1": "My default SUB.NAMESPACE.VAL 1",
            "VAL 2": "Waouhh!"
        },
        "NS": {
            "vAL 0": null,
            "VAL 1": {
                "test 2": null,
                "test1": null
            },
            "VAL 2": null
        }
    }
}