{
  "SUB": {
    "NAMESPACE": {
      "VAL 1": "My default SUB.NAMESPACE.VAL 1",
      "VAL 2": "Waouhh!"
    },
    "NS": {
      "VAL 1": {
        "test 2": null,
        "test1": null
      },
      "VAL 2": null,
      "vAL 0": null
    }
  },
  "all": {
    "tato": {
      "tIiti": null,
      "tZti": null,
      "tati": null,
      "tbti": null,
      "tdti": null,
      "tzti": null
    },
    "toto": {
      "titi": null
    }
  }
}